Script started on 2021-03-28 22:34:54+04:30 [TERM="xterm" TTY="/dev/pty0" COLUMNS="107" LINES="24"]
]0;/cygdrive/d/Education/TRM 992/OS/Project/p2
[32masus@DESKTOP-CL0DLB1 [33m/cygdrive/d/Education/TRM 992/OS/Project/p2[0m
$ make
kpl Main -unsafe
asm Main.s
lddd System.o List.o Thread.o Switch.o Synch.o Main.o Runtime.o -o os
]0;/cygdrive/d/Education/TRM 992/OS/Project/p2
[32masus@DESKTOP-CL0DLB1 [33m/cygdrive/d/Education/TRM 992/OS/Project/p2[0m
$ blitz -g os
Beginning execution...
====================  KPL PROGRAM STARTING  ====================
OS Class: project 2	 S.Alireza Khadem 97100398
Example Thread-based Programs...
Initializing Thread Scheduler...

-- You should see 70 lines, each consecutively numbered. --

LockTester-A = 1
LockTester-A = 2
LockTester-B = 3
LockTester-C = 4
LockTester-D = 5
LockTester-E = 6
LockTester-A = 7
LockTester-F = 8
LockTester-G = 9
LockTester-C = 10
LockTester-B = 11
LockTester-D = 12
LockTester-A = 13
LockTester-F = 14
LockTester-E = 15
LockTester-G = 16
LockTester-C = 17
LockTester-D = 18
LockTester-B = 19
LockTester-F = 20
LockTester-A = 21
LockTester-G = 22
LockTester-E = 23
LockTester-C = 24
LockTester-D = 25
LockTester-F = 26
LockTester-A = 27
LockTester-G = 28
LockTester-B = 29
LockTester-C = 30
LockTester-E = 31
LockTester-D = 32
LockTester-F = 33
LockTester-A = 34
LockTester-G = 35
LockTester-C = 36
LockTester-B = 37
LockTester-D = 38
LockTester-E = 39
LockTester-F = 40
LockTester-A = 41
LockTester-G = 42
LockTester-C = 43
LockTester-D = 44
LockTester-B = 45
LockTester-F = 46
LockTester-A = 47
LockTester-G = 48
LockTester-E = 49
LockTester-C = 50
LockTester-D = 51
LockTester-F = 52
LockTester-B = 53
LockTester-G = 54
LockTester-A = 55
LockTester-C = 56
LockTester-D = 57
LockTester-F = 58
LockTester-E = 59
LockTester-G = 60
LockTester-B = 61
LockTester-C = 62
LockTester-D = 63
LockTester-F = 64
LockTester-G = 65
LockTester-E = 66
LockTester-B = 67
LockTester-E = 68
LockTester-B = 69
LockTester-E = 70

*****  A 'wait' instruction was executed and no more interrupts are scheduled... halting emulation!  *****

Done!  The next instruction to execute will be:
000EC8: 09000000       ret     
Number of Disk Reads    = 0
Number of Disk Writes   = 0
Instructions Executed   = 419947
Time Spent Sleeping     = 0
    Total Elapsed Time  = 419947
]0;/cygdrive/d/Education/TRM 992/OS/Project/p2
[32masus@DESKTOP-CL0DLB1 [33m/cygdrive/d/Education/TRM 992/OS/Project/p2[0m
$ make
kpl Main -unsafe
asm Main.s
lddd System.o List.o Thread.o Switch.o Synch.o Main.o Runtime.o -o os
]0;/cygdrive/d/Education/TRM 992/OS/Project/p2
[32masus@DESKTOP-CL0DLB1 [33m/cygdrive/d/Education/TRM 992/OS/Project/p2[0m
$ blitz -g os
Beginning execution...
====================  KPL PROGRAM STARTING  ====================
OS Class: project 2	 S.Alireza Khadem 97100398
Example Thread-based Programs...
Initializing Thread Scheduler...
        Producer-A         A
A       Producer-A         A
AA      Producer-A         A
AAA     Producer-A         A
AAAA    Producer-A         A
AAAAA   Consumer-1                               |      A
AAAA    Consumer-2                               |          A
AAA     Consumer-2                               |          A
AA      Consumer-2                               |          A
A       Consumer-3                               |              A
        Producer-C                 C
C       Producer-C                 C
CC      Producer-D                     D
CCCD    Producer-E                         E
CCCDE   Consumer-3                               |              C
CCDE    Consumer-3                               |              C
CDE     Producer-C                 C
CDE     Consumer-2                               |          C
DE      Producer-D                     D
DED     Consumer-3                               |              D
ED      Consumer-1                               |      E
D       Producer-B             B
DB      Consumer-2                               |          D
B       Producer-E                         E
EC      Producer-E                         E
ECE     Producer-C                 C
ECE   Producer-D                     D
ECECD   Consumer-3                               |              E
CECD    Consumer-1                               |      C
ECD     Consumer-1                               |      E
CD   C      Consumer-2                               |          C
D       Producer-E                         E
DE      Consumer-3                               |              D
E       Producer-D                     D
ED      Producer-B             B
EDB     Consumer-1                               |      E
DB      Consumer-3                               |              D
B       Producer-E                         E
BE      Producer-C                 C
BEC     Consumer-1                               |      B
EC      Consumer-2                               |          E
C       Producer-B             B
CB      Producer-B             B
CBB     Producer-B             B
CBBB    Consumer-3                               |              C
BBB     Consumer-3                               |              B
BB      Producer-D                     D
BBD     Consumer-2                               |          B
BD      Consumer-3                               |              B
D       Consumer-1                               |      D
     
*****  A 'wait' instruction was executed and no more interrupts are scheduled... halting emulation!  *****

Done!  The next instruction to execute will be:
000EC8: 09000000       ret     
Number of Disk Reads    = 0
Number of Disk Writes   = 0
Instructions Executed   = 123699
Time Spent Sleeping     = 0
    Total Elapsed Time  = 123699
]0;/cygdrive/d/Education/TRM 992/OS/Project/p2
[32masus@DESKTOP-CL0DLB1 [33m/cygdrive/d/Education/TRM 992/OS/Project/p2[0m
$ make
kpl Main -unsafe
asm Main.s
lddd System.o List.o Thread.o Switch.o Synch.o Main.o Runtime.o -o os
]0;/cygdrive/d/Education/TRM 992/OS/Project/p2
[32masus@DESKTOP-CL0DLB1 [33m/cygdrive/d/Education/TRM 992/OS/Project/p2[0m
$ blit zg[K[K[Kz -g os
Beginning execution...
====================  KPL PROGRAM STARTING  ====================
OS Class: project 2	 S.Alireza Khadem 97100398
Example Thread-based Programs...
Initializing Thread Scheduler...
Plato
    Sartre
        Kant
            Nietzsche
                Aristotle
.   .   .   .   .   
    .   .   .   .   
E   .   .   .   .   
.   .   .   .   .   
.   .   .   .   E   
.   E   .   .   E   
.       .   .   E   
.   E   .   .   E   
.   E       .   E   
.   E           E   
.   E               
.   E           E   
    E           E   
    .           E   
    .   E       E   
    .   E       .   
E   .   E       .   
E   .   .       .   
E   .   .   E   .   
E   .   .   E       
.   .   .   E       
.   E   .   E       
.   E       E       
.   E       .       
.   E       .   E   
.   E       .   .   
.   E       E   .   
.           E   .   
.   E       E   .   
    E       E   .   
    E           .   
    E       E   .   
    E       E       
    .       E       
E   .       E       
E   .       E   .   
E   .       E   .   
E   .       E   .   
E   .       .   .   
E   .   E   .   .   
E       E   .   .   
E       E   .       
E       E           
.       E           
.       E       E   
.   .   E       E   
.   .   E       E   
.   .   .       E   
.   E   .       E   
.   E   .   .   E   
.   E   .   .   E   
.   E   .   .   .   
.   E   .   E   .   
.       .   E   .   
.   E   .   E   .   
    E   .   E   .   
    E       E   .   
    E           .   
    E       E   .   
    E       E       
    .       E       
E   .       E       
.   .       E       
.   E       E       
.   E   .   E       
.   E   .   E       
.   E   .   E       
.   E   .   .       
.   E   .   .   E   
.       .   .   E   
.   E   .   .   E   
.   E   .   .   .   
.   E   .   E   .   
    E   .   E   .   
    E   .       .   
    E   .   E   .   
    E       E   .   
    .       E   .   
E   .       E   .   
E   .       E       
.   .       E       
.   E       E       
.   E       .       
.   E       .   E   
.           .   E   
.   E       .   E   
.   E       .   .   
.   E       E   .   
    E       E   .   
    E           .   
    E       E   .   
    .       E   .   
E   .       E   .   
E   .       E       
.   .       E       
.   E       E       
.   E       .       
.   E       .   E   
.           .   E   
.   E       .   E   
.   E       .   .   
.   E       E   .   
    E       E   .   
    E           .   
    E       E   .   
    .       E   .   
E   .       E   .   
.   .       E   .   
.   E       E   .   
.   E       .   .   
.   E       .   E   

*****  A 'wait' instruction was executed and no more interrupts are scheduled... halting emulation!  *****

Done!  The next instruction to execute will be:
000EC8: 09000000       ret     
Number of Disk Reads    = 0
Number of Disk Writes   = 0
Instructions Executed   = 311408
Time Spent Sleeping     = 0
    Total Elapsed Time  = 311408
]0;/cygdrive/d/Education/TRM 992/OS/Project/p2
[32masus@DESKTOP-CL0DLB1 [33m/cygdrive/d/Education/TRM 992/OS/Project/p2[0m
$ quit
bash: quit: command not found
]0;/cygdrive/d/Education/TRM 992/OS/Project/p2
[32masus@DESKTOP-CL0DLB1 [33m/cygdrive/d/Education/TRM 992/OS/Project/p2[0m
$ exit
exit

Script done on 2021-03-28 22:37:59+04:30 [COMMAND_EXIT_CODE="127"]
